> Task :auth-service:compileJava UP-TO-DATE
> Task :auth-service:processResources UP-TO-DATE
> Task :auth-service:classes UP-TO-DATE
> Task :auth-service:resolveMainClassName UP-TO-DATE

> Task :auth-service:bootRun

  .   ____          _            __ _ _
 /\\ / ___'_ __ _ _(_)_ __  __ _ \ \ \ \
( ( )\___ | '_ | '_| | '_ \/ _` | \ \ \ \
 \\/  ___)| |_)| | | | | || (_| |  ) ) ) )
  '  |____| .__|_| |_|_| |_\__, | / / / /
 =========|_|==============|___/=/_/_/_/
 :: Spring Boot ::                (v3.2.2)

2026-05-20T19:02:31.216+03:00  INFO 5666 --- [edge-service] [           main] blps.itmo.auth.AuthServiceApplication    : Starting AuthServiceApplication using Java 17.0.18 with PID 5666 (/Users/ramil/Projects/blps-itmo/services/auth-service/build/classes/java/main started by ramil in /Users/ramil/Projects/blps-itmo/services/auth-service)
2026-05-20T19:02:31.217+03:00 DEBUG 5666 --- [edge-service] [           main] blps.itmo.auth.AuthServiceApplication    : Running with Spring Boot v3.2.2, Spring v6.1.3
2026-05-20T19:02:31.217+03:00  INFO 5666 --- [edge-service] [           main] blps.itmo.auth.AuthServiceApplication    : No active profile set, falling back to 1 default profile: "default"
2026-05-20T19:02:31.459+03:00  INFO 5666 --- [edge-service] [           main] .s.d.r.c.RepositoryConfigurationDelegate : Bootstrapping Spring Data JPA repositories in DEFAULT mode.
2026-05-20T19:02:31.478+03:00  INFO 5666 --- [edge-service] [           main] .s.d.r.c.RepositoryConfigurationDelegate : Finished Spring Data repository scanning in 17 ms. Found 4 JPA repository interfaces.
2026-05-20T19:02:31.689+03:00  INFO 5666 --- [edge-service] [           main] o.s.b.w.embedded.tomcat.TomcatWebServer  : Tomcat initialized with port 8080 (http)
2026-05-20T19:02:31.694+03:00  INFO 5666 --- [edge-service] [           main] o.apache.catalina.core.StandardService   : Starting service [Tomcat]
2026-05-20T19:02:31.694+03:00  INFO 5666 --- [edge-service] [           main] o.apache.catalina.core.StandardEngine    : Starting Servlet engine: [Apache Tomcat/10.1.18]
2026-05-20T19:02:31.716+03:00  INFO 5666 --- [edge-service] [           main] o.a.c.c.C.[Tomcat].[localhost].[/]       : Initializing Spring embedded WebApplicationContext
2026-05-20T19:02:31.716+03:00  INFO 5666 --- [edge-service] [           main] w.s.c.ServletWebServerApplicationContext : Root WebApplicationContext: initialization completed in 483 ms
2026-05-20T19:02:31.786+03:00  INFO 5666 --- [edge-service] [           main] o.hibernate.jpa.internal.util.LogHelper  : HHH000204: Processing PersistenceUnitInfo [name: default]
2026-05-20T19:02:31.808+03:00  INFO 5666 --- [edge-service] [           main] org.hibernate.Version                    : HHH000412: Hibernate ORM core version 6.4.1.Final
2026-05-20T19:02:31.819+03:00  INFO 5666 --- [edge-service] [           main] o.h.c.internal.RegionFactoryInitiator    : HHH000026: Second-level cache disabled
2026-05-20T19:02:31.892+03:00  INFO 5666 --- [edge-service] [           main] o.s.o.j.p.SpringPersistenceUnitInfo      : No LoadTimeWeaver setup: ignoring JPA class transformer
2026-05-20T19:02:31.902+03:00  INFO 5666 --- [edge-service] [           main] com.zaxxer.hikari.HikariDataSource       : HikariPool-1 - Starting...
2026-05-20T19:02:31.969+03:00  INFO 5666 --- [edge-service] [           main] com.zaxxer.hikari.pool.HikariPool        : HikariPool-1 - Added connection org.postgresql.jdbc.PgConnection@4c6bba7d
2026-05-20T19:02:31.970+03:00  INFO 5666 --- [edge-service] [           main] com.zaxxer.hikari.HikariDataSource       : HikariPool-1 - Start completed.
2026-05-20T19:02:31.984+03:00  WARN 5666 --- [edge-service] [           main] org.hibernate.orm.deprecation            : HHH90000025: PostgreSQLDialect does not need to be specified explicitly using 'hibernate.dialect' (remove the property setting and it will be selected by default)
2026-05-20T19:02:32.266+03:00  INFO 5666 --- [edge-service] [           main] o.h.e.t.j.p.i.JtaPlatformInitiator       : HHH000489: No JTA platform available (set 'hibernate.transaction.jta.platform' to enable JTA platform integration)
2026-05-20T19:02:32.267+03:00  INFO 5666 --- [edge-service] [           main] j.LocalContainerEntityManagerFactoryBean : Initialized JPA EntityManagerFactory for persistence unit 'default'
2026-05-20T19:02:32.380+03:00  INFO 5666 --- [edge-service] [           main] o.s.d.j.r.query.QueryEnhancerFactory     : Hibernate is in classpath; If applicable, HQL parser will be used.
2026-05-20T19:02:32.591+03:00  WARN 5666 --- [edge-service] [           main] JpaBaseConfiguration$JpaWebConfiguration : spring.jpa.open-in-view is enabled by default. Therefore, database queries may be performed during view rendering. Explicitly configure spring.jpa.open-in-view to disable this warning
2026-05-20T19:02:32.709+03:00  INFO 5666 --- [edge-service] [           main] o.s.s.web.DefaultSecurityFilterChain     : Will secure any request with [org.springframework.security.web.session.DisableEncodeUrlFilter@4843b35f, org.springframework.security.web.context.request.async.WebAsyncManagerIntegrationFilter@672e4658, org.springframework.security.web.context.SecurityContextHolderFilter@3d3e9163, org.springframework.security.web.header.HeaderWriterFilter@29422e61, org.springframework.web.filter.CorsFilter@6bafe3b0, org.springframework.security.web.authentication.logout.LogoutFilter@47897093, org.springframework.security.web.authentication.www.BasicAuthenticationFilter@4fe87cb9, org.springframework.security.web.savedrequest.RequestCacheAwareFilter@75392381, org.springframework.security.web.servletapi.SecurityContextHolderAwareRequestFilter@13198b8e, org.springframework.security.web.authentication.AnonymousAuthenticationFilter@c105912, org.springframework.security.web.session.SessionManagementFilter@62b72289, org.springframework.security.web.access.ExceptionTranslationFilter@4ff3ca23, org.springframework.security.web.access.intercept.AuthorizationFilter@7dcc6679]
2026-05-20T19:02:32.864+03:00  INFO 5666 --- [edge-service] [           main] o.a.k.clients.admin.AdminClientConfig    : AdminClientConfig values: 
	auto.include.jmx.reporter = true
	bootstrap.servers = [localhost:9092]
	client.dns.lookup = use_all_dns_ips
	client.id = 
	connections.max.idle.ms = 300000
	default.api.timeout.ms = 60000
	metadata.max.age.ms = 300000
	metric.reporters = []
	metrics.num.samples = 2
	metrics.recording.level = INFO
	metrics.sample.window.ms = 30000
	receive.buffer.bytes = 65536
	reconnect.backoff.max.ms = 1000
	reconnect.backoff.ms = 50
	request.timeout.ms = 30000
	retries = 2147483647
	retry.backoff.ms = 100
	sasl.client.callback.handler.class = null
	sasl.jaas.config = null
	sasl.kerberos.kinit.cmd = /usr/bin/kinit
	sasl.kerberos.min.time.before.relogin = 60000
	sasl.kerberos.service.name = null
	sasl.kerberos.ticket.renew.jitter = 0.05
	sasl.kerberos.ticket.renew.window.factor = 0.8
	sasl.login.callback.handler.class = null
	sasl.login.class = null
	sasl.login.connect.timeout.ms = null
	sasl.login.read.timeout.ms = null
	sasl.login.refresh.buffer.seconds = 300
	sasl.login.refresh.min.period.seconds = 60
	sasl.login.refresh.window.factor = 0.8
	sasl.login.refresh.window.jitter = 0.05
	sasl.login.retry.backoff.max.ms = 10000
	sasl.login.retry.backoff.ms = 100
	sasl.mechanism = GSSAPI
	sasl.oauthbearer.clock.skew.seconds = 30
	sasl.oauthbearer.expected.audience = null
	sasl.oauthbearer.expected.issuer = null
	sasl.oauthbearer.jwks.endpoint.refresh.ms = 3600000
	sasl.oauthbearer.jwks.endpoint.retry.backoff.max.ms = 10000
	sasl.oauthbearer.jwks.endpoint.retry.backoff.ms = 100
	sasl.oauthbearer.jwks.endpoint.url = null
	sasl.oauthbearer.scope.claim.name = scope
	sasl.oauthbearer.sub.claim.name = sub
	sasl.oauthbearer.token.endpoint.url = null
	security.protocol = PLAINTEXT
	security.providers = null
	send.buffer.bytes = 131072
	socket.connection.setup.timeout.max.ms = 30000
	socket.connection.setup.timeout.ms = 10000
	ssl.cipher.suites = null
	ssl.enabled.protocols = [TLSv1.2, TLSv1.3]
	ssl.endpoint.identification.algorithm = https
	ssl.engine.factory.class = null
	ssl.key.password = null
	ssl.keymanager.algorithm = SunX509
	ssl.keystore.certificate.chain = null
	ssl.keystore.key = null
	ssl.keystore.location = null
	ssl.keystore.password = null
	ssl.keystore.type = JKS
	ssl.protocol = TLSv1.3
	ssl.provider = null
	ssl.secure.random.implementation = null
	ssl.trustmanager.algorithm = PKIX
	ssl.truststore.certificates = null
	ssl.truststore.location = null
	ssl.truststore.password = null
	ssl.truststore.type = JKS

2026-05-20T19:02:32.905+03:00  INFO 5666 --- [edge-service] [           main] o.a.kafka.common.utils.AppInfoParser     : Kafka version: 3.6.1
2026-05-20T19:02:32.905+03:00  INFO 5666 --- [edge-service] [           main] o.a.kafka.common.utils.AppInfoParser     : Kafka commitId: 5e3c2b738d253ff5
2026-05-20T19:02:32.905+03:00  INFO 5666 --- [edge-service] [           main] o.a.kafka.common.utils.AppInfoParser     : Kafka startTimeMs: 1779292952905
2026-05-20T19:02:33.020+03:00  INFO 5666 --- [edge-service] [| adminclient-1] o.a.kafka.common.utils.AppInfoParser     : App info kafka.admin.client for adminclient-1 unregistered
2026-05-20T19:02:33.022+03:00  INFO 5666 --- [edge-service] [| adminclient-1] o.apache.kafka.common.metrics.Metrics    : Metrics scheduler closed
2026-05-20T19:02:33.022+03:00  INFO 5666 --- [edge-service] [| adminclient-1] o.apache.kafka.common.metrics.Metrics    : Closing reporter org.apache.kafka.common.metrics.JmxReporter
2026-05-20T19:02:33.022+03:00  INFO 5666 --- [edge-service] [| adminclient-1] o.apache.kafka.common.metrics.Metrics    : Metrics reporters closed
2026-05-20T19:02:33.028+03:00  INFO 5666 --- [edge-service] [           main] o.s.b.w.embedded.tomcat.TomcatWebServer  : Tomcat started on port 8080 (http) with context path ''
2026-05-20T19:02:33.038+03:00  INFO 5666 --- [edge-service] [           main] o.a.k.clients.consumer.ConsumerConfig    : ConsumerConfig values: 
	allow.auto.create.topics = true
	auto.commit.interval.ms = 5000
	auto.include.jmx.reporter = true
	auto.offset.reset = latest
	bootstrap.servers = [localhost:9092]
	check.crcs = true
	client.dns.lookup = use_all_dns_ips
	client.id = consumer-edge-service-1
	client.rack = 
	connections.max.idle.ms = 540000
	default.api.timeout.ms = 60000
	enable.auto.commit = false
	exclude.internal.topics = true
	fetch.max.bytes = 52428800
	fetch.max.wait.ms = 500
	fetch.min.bytes = 1
	group.id = edge-service
	group.instance.id = null
	heartbeat.interval.ms = 3000
	interceptor.classes = []
	internal.leave.group.on.close = true
	internal.throw.on.fetch.stable.offset.unsupported = false
	isolation.level = read_uncommitted
	key.deserializer = class org.apache.kafka.common.serialization.StringDeserializer
	max.partition.fetch.bytes = 1048576
	max.poll.interval.ms = 300000
	max.poll.records = 500
	metadata.max.age.ms = 300000
	metric.reporters = []
	metrics.num.samples = 2
	metrics.recording.level = INFO
	metrics.sample.window.ms = 30000
	partition.assignment.strategy = [class org.apache.kafka.clients.consumer.RangeAssignor, class org.apache.kafka.clients.consumer.CooperativeStickyAssignor]
	receive.buffer.bytes = 65536
	reconnect.backoff.max.ms = 1000
	reconnect.backoff.ms = 50
	request.timeout.ms = 30000
	retry.backoff.ms = 100
	sasl.client.callback.handler.class = null
	sasl.jaas.config = null
	sasl.kerberos.kinit.cmd = /usr/bin/kinit
	sasl.kerberos.min.time.before.relogin = 60000
	sasl.kerberos.service.name = null
	sasl.kerberos.ticket.renew.jitter = 0.05
	sasl.kerberos.ticket.renew.window.factor = 0.8
	sasl.login.callback.handler.class = null
	sasl.login.class = null
	sasl.login.connect.timeout.ms = null
	sasl.login.read.timeout.ms = null
	sasl.login.refresh.buffer.seconds = 300
	sasl.login.refresh.min.period.seconds = 60
	sasl.login.refresh.window.factor = 0.8
	sasl.login.refresh.window.jitter = 0.05
	sasl.login.retry.backoff.max.ms = 10000
	sasl.login.retry.backoff.ms = 100
	sasl.mechanism = GSSAPI
	sasl.oauthbearer.clock.skew.seconds = 30
	sasl.oauthbearer.expected.audience = null
	sasl.oauthbearer.expected.issuer = null
	sasl.oauthbearer.jwks.endpoint.refresh.ms = 3600000
	sasl.oauthbearer.jwks.endpoint.retry.backoff.max.ms = 10000
	sasl.oauthbearer.jwks.endpoint.retry.backoff.ms = 100
	sasl.oauthbearer.jwks.endpoint.url = null
	sasl.oauthbearer.scope.claim.name = scope
	sasl.oauthbearer.sub.claim.name = sub
	sasl.oauthbearer.token.endpoint.url = null
	security.protocol = PLAINTEXT
	security.providers = null
	send.buffer.bytes = 131072
	session.timeout.ms = 45000
	socket.connection.setup.timeout.max.ms = 30000
	socket.connection.setup.timeout.ms = 10000
	ssl.cipher.suites = null
	ssl.enabled.protocols = [TLSv1.2, TLSv1.3]
	ssl.endpoint.identification.algorithm = https
	ssl.engine.factory.class = null
	ssl.key.password = null
	ssl.keymanager.algorithm = SunX509
	ssl.keystore.certificate.chain = null
	ssl.keystore.key = null
	ssl.keystore.location = null
	ssl.keystore.password = null
	ssl.keystore.type = JKS
	ssl.protocol = TLSv1.3
	ssl.provider = null
	ssl.secure.random.implementation = null
	ssl.trustmanager.algorithm = PKIX
	ssl.truststore.certificates = null
	ssl.truststore.location = null
	ssl.truststore.password = null
	ssl.truststore.type = JKS
	value.deserializer = class org.apache.kafka.common.serialization.StringDeserializer

2026-05-20T19:02:33.053+03:00  INFO 5666 --- [edge-service] [           main] o.a.kafka.common.utils.AppInfoParser     : Kafka version: 3.6.1
2026-05-20T19:02:33.053+03:00  INFO 5666 --- [edge-service] [           main] o.a.kafka.common.utils.AppInfoParser     : Kafka commitId: 5e3c2b738d253ff5
2026-05-20T19:02:33.053+03:00  INFO 5666 --- [edge-service] [           main] o.a.kafka.common.utils.AppInfoParser     : Kafka startTimeMs: 1779292953053
2026-05-20T19:02:33.053+03:00  INFO 5666 --- [edge-service] [           main] fkaConsumerFactory$ExtendedKafkaConsumer : [Consumer clientId=consumer-edge-service-1, groupId=edge-service] Subscribed to topic(s): penalty.events
2026-05-20T19:02:33.060+03:00  INFO 5666 --- [edge-service] [           main] blps.itmo.auth.AuthServiceApplication    : Started AuthServiceApplication in 2.016 seconds (process running for 2.175)
2026-05-20T19:02:33.060+03:00  INFO 5666 --- [edge-service] [ntainer#0-0-C-1] org.apache.kafka.clients.Metadata        : [Consumer clientId=consumer-edge-service-1, groupId=edge-service] Cluster ID: MkU3OEVBNTcwNTJENDM2Qg
2026-05-20T19:02:33.061+03:00  INFO 5666 --- [edge-service] [ntainer#0-0-C-1] o.a.k.c.c.internals.ConsumerCoordinator  : [Consumer clientId=consumer-edge-service-1, groupId=edge-service] Discovered group coordinator localhost:9092 (id: 2147483646 rack: null)
2026-05-20T19:02:33.062+03:00  INFO 5666 --- [edge-service] [ntainer#0-0-C-1] o.a.k.c.c.internals.ConsumerCoordinator  : [Consumer clientId=consumer-edge-service-1, groupId=edge-service] (Re-)joining group
2026-05-20T19:02:33.069+03:00  INFO 5666 --- [edge-service] [ntainer#0-0-C-1] o.a.k.c.c.internals.ConsumerCoordinator  : [Consumer clientId=consumer-edge-service-1, groupId=edge-service] Request joining group due to: need to re-join with the given member-id: consumer-edge-service-1-56103380-8a12-45c8-ae0c-f57165a31953
2026-05-20T19:02:33.069+03:00  INFO 5666 --- [edge-service] [ntainer#0-0-C-1] o.a.k.c.c.internals.ConsumerCoordinator  : [Consumer clientId=consumer-edge-service-1, groupId=edge-service] Request joining group due to: rebalance failed due to 'The group member needs to have a valid member id before actually entering a consumer group.' (MemberIdRequiredException)
2026-05-20T19:02:33.069+03:00  INFO 5666 --- [edge-service] [ntainer#0-0-C-1] o.a.k.c.c.internals.ConsumerCoordinator  : [Consumer clientId=consumer-edge-service-1, groupId=edge-service] (Re-)joining group
2026-05-20T19:02:33.327+03:00  INFO 5666 --- [edge-service] [nio-8080-exec-1] o.a.c.c.C.[Tomcat].[localhost].[/]       : Initializing Spring DispatcherServlet 'dispatcherServlet'
2026-05-20T19:02:33.327+03:00  INFO 5666 --- [edge-service] [nio-8080-exec-1] o.s.web.servlet.DispatcherServlet        : Initializing Servlet 'dispatcherServlet'
2026-05-20T19:02:33.328+03:00  INFO 5666 --- [edge-service] [nio-8080-exec-1] o.s.web.servlet.DispatcherServlet        : Completed initialization in 1 ms
2026-05-20T19:02:33.334+03:00 DEBUG 5666 --- [edge-service] [nio-8080-exec-1] o.s.security.web.FilterChainProxy        : Securing GET /api/auth/me
2026-05-20T19:02:33.410+03:00  INFO 5666 --- [edge-service] [nio-8080-exec-1] b.i.auth.security.AppUserDetailsService  : >>> loadUserByUsername called with email='tenant@blps.local'
2026-05-20T19:02:33.431+03:00  INFO 5666 --- [edge-service] [nio-8080-exec-1] b.i.auth.security.AppUserDetailsService  : >>> loaded user id=3 email=tenant@blps.local role=TENANT enabled=true hashPrefix=$2y$10$
2026-05-20T19:02:33.456+03:00  INFO 5666 --- [edge-service] [nio-8080-exec-1] b.i.auth.security.AppUserDetailsService  : >>> privileges for TENANT = [CLAIM_READ_OWN, CLAIM_TENANT_RESPOND, STORAGE_UPLOAD]
2026-05-20T19:02:33.530+03:00 DEBUG 5666 --- [edge-service] [nio-8080-exec-1] o.s.s.a.dao.DaoAuthenticationProvider    : Authenticated user
2026-05-20T19:02:33.530+03:00 DEBUG 5666 --- [edge-service] [nio-8080-exec-1] o.s.s.w.a.www.BasicAuthenticationFilter  : Set SecurityContextHolder to UsernamePasswordAuthenticationToken [Principal=blps.itmo.auth.security.AppUserDetails@4ba350ad, Credentials=[PROTECTED], Authenticated=true, Details=WebAuthenticationDetails [RemoteIpAddress=0:0:0:0:0:0:0:1, SessionId=null], Granted Authorities=[ROLE_TENANT, CLAIM_READ_OWN, CLAIM_TENANT_RESPOND, STORAGE_UPLOAD]]
2026-05-20T19:02:33.531+03:00 DEBUG 5666 --- [edge-service] [nio-8080-exec-1] o.s.security.web.FilterChainProxy        : Secured GET /api/auth/me
2026-05-20T19:02:36.076+03:00  INFO 5666 --- [edge-service] [ntainer#0-0-C-1] o.a.k.c.c.internals.ConsumerCoordinator  : [Consumer clientId=consumer-edge-service-1, groupId=edge-service] Successfully joined group with generation Generation{generationId=28, memberId='consumer-edge-service-1-56103380-8a12-45c8-ae0c-f57165a31953', protocol='range'}
2026-05-20T19:02:36.079+03:00  INFO 5666 --- [edge-service] [ntainer#0-0-C-1] o.a.k.c.c.internals.ConsumerCoordinator  : [Consumer clientId=consumer-edge-service-1, groupId=edge-service] Finished assignment for group at generation 28: {consumer-edge-service-1-56103380-8a12-45c8-ae0c-f57165a31953=Assignment(partitions=[penalty.events-0, penalty.events-1, penalty.events-2])}
2026-05-20T19:02:36.085+03:00  INFO 5666 --- [edge-service] [ntainer#0-0-C-1] o.a.k.c.c.internals.ConsumerCoordinator  : [Consumer clientId=consumer-edge-service-1, groupId=edge-service] Successfully synced group in generation Generation{generationId=28, memberId='consumer-edge-service-1-56103380-8a12-45c8-ae0c-f57165a31953', protocol='range'}
2026-05-20T19:02:36.086+03:00  INFO 5666 --- [edge-service] [ntainer#0-0-C-1] o.a.k.c.c.internals.ConsumerCoordinator  : [Consumer clientId=consumer-edge-service-1, groupId=edge-service] Notifying assignor about the new Assignment(partitions=[penalty.events-0, penalty.events-1, penalty.events-2])
2026-05-20T19:02:36.087+03:00  INFO 5666 --- [edge-service] [ntainer#0-0-C-1] o.a.k.c.c.internals.ConsumerCoordinator  : [Consumer clientId=consumer-edge-service-1, groupId=edge-service] Adding newly assigned partitions: penalty.events-0, penalty.events-1, penalty.events-2
2026-05-20T19:02:36.092+03:00  INFO 5666 --- [edge-service] [ntainer#0-0-C-1] o.a.k.c.c.internals.ConsumerCoordinator  : [Consumer clientId=consumer-edge-service-1, groupId=edge-service] Setting offset for partition penalty.events-2 to the committed offset FetchPosition{offset=7, offsetEpoch=Optional.empty, currentLeader=LeaderAndEpoch{leader=Optional[localhost:9092 (id: 1 rack: null)], epoch=6}}
2026-05-20T19:02:36.092+03:00  INFO 5666 --- [edge-service] [ntainer#0-0-C-1] o.a.k.c.c.internals.ConsumerCoordinator  : [Consumer clientId=consumer-edge-service-1, groupId=edge-service] Setting offset for partition penalty.events-0 to the committed offset FetchPosition{offset=19, offsetEpoch=Optional.empty, currentLeader=LeaderAndEpoch{leader=Optional[localhost:9092 (id: 1 rack: null)], epoch=6}}
2026-05-20T19:02:36.092+03:00  INFO 5666 --- [edge-service] [ntainer#0-0-C-1] o.a.k.c.c.internals.ConsumerCoordinator  : [Consumer clientId=consumer-edge-service-1, groupId=edge-service] Setting offset for partition penalty.events-1 to the committed offset FetchPosition{offset=20, offsetEpoch=Optional.empty, currentLeader=LeaderAndEpoch{leader=Optional[localhost:9092 (id: 1 rack: null)], epoch=6}}
2026-05-20T19:02:36.092+03:00  INFO 5666 --- [edge-service] [ntainer#0-0-C-1] o.s.k.l.KafkaMessageListenerContainer    : edge-service: partitions assigned: [penalty.events-0, penalty.events-1, penalty.events-2]
2026-05-20T19:02:44.201+03:00  INFO 5666 --- [edge-service] [ntainer#0-0-C-1] o.a.k.c.c.internals.ConsumerCoordinator  : [Consumer clientId=consumer-edge-service-1, groupId=edge-service] Revoke previously assigned partitions penalty.events-0, penalty.events-1, penalty.events-2
2026-05-20T19:02:44.201+03:00  INFO 5666 --- [edge-service] [ntainer#0-0-C-1] o.s.k.l.KafkaMessageListenerContainer    : edge-service: partitions revoked: [penalty.events-0, penalty.events-1, penalty.events-2]
2026-05-20T19:02:44.201+03:00  INFO 5666 --- [edge-service] [ntainer#0-0-C-1] o.a.k.c.c.internals.ConsumerCoordinator  : [Consumer clientId=consumer-edge-service-1, groupId=edge-service] Member consumer-edge-service-1-56103380-8a12-45c8-ae0c-f57165a31953 sending LeaveGroup request to coordinator localhost:9092 (id: 2147483646 rack: null) due to the consumer unsubscribed from all topics
2026-05-20T19:02:44.202+03:00  INFO 5666 --- [edge-service] [ntainer#0-0-C-1] o.a.k.c.c.internals.ConsumerCoordinator  : [Consumer clientId=consumer-edge-service-1, groupId=edge-service] Resetting generation and member id due to: consumer pro-actively leaving the group
2026-05-20T19:02:44.202+03:00  INFO 5666 --- [edge-service] [ntainer#0-0-C-1] o.a.k.c.c.internals.ConsumerCoordinator  : [Consumer clientId=consumer-edge-service-1, groupId=edge-service] Request joining group due to: consumer pro-actively leaving the group
2026-05-20T19:02:44.202+03:00  INFO 5666 --- [edge-service] [ntainer#0-0-C-1] fkaConsumerFactory$ExtendedKafkaConsumer : [Consumer clientId=consumer-edge-service-1, groupId=edge-service] Unsubscribed all topics or patterns and assigned partitions
2026-05-20T19:02:44.202+03:00  INFO 5666 --- [edge-service] [ntainer#0-0-C-1] o.a.k.c.c.internals.ConsumerCoordinator  : [Consumer clientId=consumer-edge-service-1, groupId=edge-service] Resetting generation and member id due to: consumer pro-actively leaving the group
2026-05-20T19:02:44.202+03:00  INFO 5666 --- [edge-service] [ntainer#0-0-C-1] o.a.k.c.c.internals.ConsumerCoordinator  : [Consumer clientId=consumer-edge-service-1, groupId=edge-service] Request joining group due to: consumer pro-actively leaving the group
2026-05-20T19:02:44.291+03:00  INFO 5666 --- [edge-service] [ntainer#0-0-C-1] o.apache.kafka.common.metrics.Metrics    : Metrics scheduler closed
2026-05-20T19:02:44.291+03:00  INFO 5666 --- [edge-service] [ntainer#0-0-C-1] o.apache.kafka.common.metrics.Metrics    : Closing reporter org.apache.kafka.common.metrics.JmxReporter
2026-05-20T19:02:44.291+03:00  INFO 5666 --- [edge-service] [ntainer#0-0-C-1] o.apache.kafka.common.metrics.Metrics    : Metrics reporters closed
2026-05-20T19:02:44.292+03:00  INFO 5666 --- [edge-service] [ntainer#0-0-C-1] o.a.kafka.common.utils.AppInfoParser     : App info kafka.consumer for consumer-edge-service-1 unregistered
2026-05-20T19:02:44.292+03:00  INFO 5666 --- [edge-service] [ntainer#0-0-C-1] o.s.k.l.KafkaMessageListenerContainer    : edge-service: Consumer stopped

> Task :auth-service:bootRun FAILED

FAILURE: Build failed with an exception.

* What went wrong:
Execution failed for task ':auth-service:bootRun'.
> Process 'command '/Library/Java/JavaVirtualMachines/temurin-17.jdk/Contents/Home/bin/java'' finished with non-zero exit value 137

* Try:
> Run with --stacktrace option to get the stack trace.
> Run with --info or --debug option to get more log output.
> Run with --scan to get full insights.
> Get more help at https://help.gradle.org.

BUILD FAILED in 16s
4 actionable tasks: 1 executed, 3 up-to-date
